// Jest Snapshot v1, https://goo.gl/fbAQLP

exports[`renderRequestQRCode renders the qr code 1`] = `"<canvas id=\\"bloom-request-element-\\" width=\\"132\\" height=\\"132\\" style=\\"width: 128px; height: 128px; padding: 0px; box-sizing: border-box; background-color: rgb(255, 255, 255);\\"></canvas>"`;

exports[`renderRequestQRCode throws when the JWT is invalid 1`] = `"error:0906D06C:PEM routines:PEM_read_bio:no start line"`;
